// Bun Snapshot v1, https://bun.sh/docs/test/snapshots

exports[`renderDocMarkdown snapshot: small fixture shape 1`] = `
"---
arra_id: A
arra_type: learning
arra_project: Soul-Brews-Studio/arra-oracle-v3
arra_created: "2026-04-19T10:00:00Z"
muninn_concepts: [menu_ui, drizzle]
arra_model: bge-m3
arra_similarity_threshold: 0.75
tags: [learning, menu_ui, drizzle]
---

# Menu as first-class data

Body line 1.

Body line 2.

## Related (by embedding)
- [[doc-B]] (0.89)
- [[doc-C]] (0.82)

## Concepts
#menu_ui #drizzle
"
`;
